TAP version 13
# Subtest: interval canonical validation
ok 1 - interval canonical validation
  ---
  duration_ms: 1.6925
  type: 'test'
  ...
# Subtest: interval add subtract negate multiply scalar exact
ok 2 - interval add subtract negate multiply scalar exact
  ---
  duration_ms: 0.569846
  type: 'test'
  ...
# Subtest: interval zero and comparisons
ok 3 - interval zero and comparisons
  ---
  duration_ms: 0.295631
  type: 'test'
  ...
# Subtest: interval dot and projection propagate uncertainty
ok 4 - interval dot and projection propagate uncertainty
  ---
  duration_ms: 1.167476
  type: 'test'
  ...
# Subtest: REG-V3-QI-SAT-001 uncertainty crossing cannot pass
ok 5 - REG-V3-QI-SAT-001 uncertainty crossing cannot pass
  ---
  duration_ms: 0.152876
  type: 'test'
  ...
# {"environment":{"node":"v22.23.2","platform":"linux","arch":"x64","cpu":"Intel(R) Xeon(R) Processor @ 2.60GHz"},"threshold":null,"obbBodyVsBody":{"unit":"microseconds","count":50,"p50":1149.702,"p95":2285.491,"max":14471.344,"status":"PASS","evidenceBytes":839,"candidatePairs":1,"satAxisCount":0},"primitiveCounts":{"bodies":2,"children":2},"cache":{"implemented":false,"hits":0,"misses":0},"bigInt":"bounded by accepted Numeric Frame Gate"}
# Subtest: V3 measurement only
ok 6 - V3 measurement only
  ---
  duration_ms: 79.620681
  type: 'test'
  ...
# Subtest: oriented body-vs-body separated touching penetrating rotated
ok 7 - oriented body-vs-body separated touching penetrating rotated
  ---
  duration_ms: 23.99183
  type: 'test'
  ...
# Subtest: compound children canonical and child-only collision fails
ok 8 - compound children canonical and child-only collision fails
  ---
  duration_ms: 5.02616
  type: 'test'
  ...
# Subtest: containment fully inside and outside
ok 9 - containment fully inside and outside
  ---
  duration_ms: 3.197709
  type: 'test'
  ...
# Subtest: explicit opening legal, edge ambiguous, too large
ok 10 - explicit opening legal, edge ambiguous, too large
  ---
  duration_ms: 4.060059
  type: 'test'
  ...
# Subtest: contact floor pass floating penetration and unsupported double-sided
ok 11 - contact floor pass floating penetration and unsupported double-sided
  ---
  duration_ms: 2.508225
  type: 'test'
  ...
# Subtest: broad tamper and swept fail closed with evidence limitations
ok 12 - broad tamper and swept fail closed with evidence limitations
  ---
  duration_ms: 0.279632
  type: 'test'
  ...
# Subtest: convex definitions validate topology and SAT
ok 13 - convex definitions validate topology and SAT
  ---
  duration_ms: 1.972821
  type: 'test'
  ...
# Subtest: synthetic local-world parent rotation invalidates old evidence
ok 14 - synthetic local-world parent rotation invalidates old evidence
  ---
  duration_ms: 2.249307
  type: 'test'
  ...
# Subtest: synthetic topology kinds cover tread riser landing levels only
ok 15 - synthetic topology kinds cover tread riser landing levels only
  ---
  duration_ms: 0.398471
  type: 'test'
  ...
1..15
# tests 15
# suites 0
# pass 15
# fail 0
# cancelled 0
# skipped 0
# todo 0
# duration_ms 300.483527
