TAP version 13
# Subtest: foundation route table is exactly 3 promoted + 3 non-promoted
ok 1 - foundation route table is exactly 3 promoted + 3 non-promoted
  ---
  duration_ms: 0.797317
  type: 'test'
  ...
# Subtest: promoted routes require exact capability version query tuple
ok 2 - promoted routes require exact capability version query tuple
  ---
  duration_ms: 0.615084
  type: 'test'
  ...
# Subtest: locked collision routes are explicit NON_PROMOTED
ok 3 - locked collision routes are explicit NON_PROMOTED
  ---
  duration_ms: 0.310046
  type: 'test'
  ...
# Subtest: OFFSET_PLANE_Y10 coplanar support at offset plane y=10 commits with VALID evaluator evidence
ok 4 - OFFSET_PLANE_Y10 coplanar support at offset plane y=10 commits with VALID evaluator evidence
  ---
  duration_ms: 53.000334
  type: 'test'
  ...
# Subtest: OFFSET_PLANE_Y11 floating above offset plane y=10 fails closed through the full path
ok 5 - OFFSET_PLANE_Y11 floating above offset plane y=10 fails closed through the full path
  ---
  duration_ms: 16.474173
  type: 'test'
  ...
# Subtest: OFFSET_PLANE_Y9 penetrating the offset plane fails closed through the full path
ok 6 - OFFSET_PLANE_Y9 penetrating the offset plane fails closed through the full path
  ---
  duration_ms: 18.608189
  type: 'test'
  ...
# Subtest: MISSING_BOUNDARY_PROTRUSION_1000 forged affirmative owner pin with protrusion 1000 is INVALID/STALE_EVIDENCE before geometry through the real chain
ok 7 - MISSING_BOUNDARY_PROTRUSION_1000 forged affirmative owner pin with protrusion 1000 is INVALID/STALE_EVIDENCE before geometry through the real chain
  ---
  duration_ms: 23.59938
  type: 'test'
  ...
# Subtest: FORGED_CONTAINMENT_BODY tampered body authority pin rejects at envelope build
ok 8 - FORGED_CONTAINMENT_BODY tampered body authority pin rejects at envelope build
  ---
  duration_ms: 2.629987
  type: 'test'
  ...
# Subtest: FORGED_CONTAINMENT_TARGET tampered target authority pin rejects at envelope build
ok 9 - FORGED_CONTAINMENT_TARGET tampered target authority pin rejects at envelope build
  ---
  duration_ms: 2.547856
  type: 'test'
  ...
# Subtest: MISSING_OPENING_BODY opening body absent from the registry fails closed before the evaluator
ok 10 - MISSING_OPENING_BODY opening body absent from the registry fails closed before the evaluator
  ---
  duration_ms: 18.916382
  type: 'test'
  ...
# Subtest: FORGED_OPENING_BODY forged opening body reference is stale evidence at the evaluator
ok 11 - FORGED_OPENING_BODY forged opening body reference is stale evidence at the evaluator
  ---
  duration_ms: 16.61609
  type: 'test'
  ...
# Subtest: MISSING_OPENING_SOLID owner solid reference absent from the registry rejects at envelope build
ok 12 - MISSING_OPENING_SOLID owner solid reference absent from the registry rejects at envelope build
  ---
  duration_ms: 2.752069
  type: 'test'
  ...
# Subtest: FORGED_OPENING_SOLID tampered owner solid reference is stale at envelope build
ok 13 - FORGED_OPENING_SOLID tampered owner solid reference is stale at envelope build
  ---
  duration_ms: 3.537717
  type: 'test'
  ...
# Subtest: COMPOUND_ILLEGAL_SIBLING compound containment with an illegal sibling fails closed
ok 14 - COMPOUND_ILLEGAL_SIBLING compound containment with an illegal sibling fails closed
  ---
  duration_ms: 31.385191
  type: 'test'
  ...
# Subtest: QUANTIZATION_AMBIGUITY exact opening edge cannot PASS and stays UNKNOWN
ok 15 - QUANTIZATION_AMBIGUITY exact opening edge cannot PASS and stays UNKNOWN
  ---
  duration_ms: 21.608012
  type: 'test'
  ...
# Subtest: AGGREGATE_PASS_PASS two passing obligations aggregate to COMMIT_ALLOWED
ok 16 - AGGREGATE_PASS_PASS two passing obligations aggregate to COMMIT_ALLOWED
  ---
  duration_ms: 21.442191
  type: 'test'
  ...
# Subtest: AGGREGATE_PASS_FAIL one passing and one failing obligation aggregates to FAIL and no commit
ok 17 - AGGREGATE_PASS_FAIL one passing and one failing obligation aggregates to FAIL and no commit
  ---
  duration_ms: 25.325225
  type: 'test'
  ...
# Subtest: AGGREGATE_PASS_UNKNOWN one passing and one ambiguous obligation aggregates to UNKNOWN and no commit
ok 18 - AGGREGATE_PASS_UNKNOWN one passing and one ambiguous obligation aggregates to UNKNOWN and no commit
  ---
  duration_ms: 20.736744
  type: 'test'
  ...
# Subtest: AGGREGATE_PASS_INVALID one passing and one invalid obligation aggregates to UNKNOWN and no commit
ok 19 - AGGREGATE_PASS_INVALID one passing and one invalid obligation aggregates to UNKNOWN and no commit
  ---
  duration_ms: 12.546037
  type: 'test'
  ...
# Subtest: AGGREGATE_PASS_NON_PROMOTED locked collision capability stays NON_PROMOTED inside a mixed decision
ok 20 - AGGREGATE_PASS_NON_PROMOTED locked collision capability stays NON_PROMOTED inside a mixed decision
  ---
  duration_ms: 11.002589
  type: 'test'
  ...
# Subtest: FAIL_CLOSED_PRECEDENCE_UNKNOWN_OVER_FAIL ambiguity outranks definite failure and blocks commit
ok 21 - FAIL_CLOSED_PRECEDENCE_UNKNOWN_OVER_FAIL ambiguity outranks definite failure and blocks commit
  ---
  duration_ms: 21.671906
  type: 'test'
  ...
# Subtest: FAIL_CLOSED_PRECEDENCE_INVALID_OVER_FAIL invalid authority outranks definite failure and blocks commit
ok 22 - FAIL_CLOSED_PRECEDENCE_INVALID_OVER_FAIL invalid authority outranks definite failure and blocks commit
  ---
  duration_ms: 12.687956
  type: 'test'
  ...
# Subtest: EVALUATOR_THROW throwing evaluator converts to bounded UNKNOWN/MALFORMED_V3_RESULT through a real aggregate decision
ok 23 - EVALUATOR_THROW throwing evaluator converts to bounded UNKNOWN/MALFORMED_V3_RESULT through a real aggregate decision
  ---
  duration_ms: 6.407549
  type: 'test'
  ...
# Subtest: EVALUATOR_MALFORMED_RETURN malformed evaluator result converts to bounded UNKNOWN/MALFORMED_V3_RESULT through a real aggregate decision
ok 24 - EVALUATOR_MALFORMED_RETURN malformed evaluator result converts to bounded UNKNOWN/MALFORMED_V3_RESULT through a real aggregate decision
  ---
  duration_ms: 7.472187
  type: 'test'
  ...
# Subtest: CALLER_EVALUATOR_BYPASS caller-supplied evaluator input cannot override the closed evaluator on a y=11 floating contact
ok 25 - CALLER_EVALUATOR_BYPASS caller-supplied evaluator input cannot override the closed evaluator on a y=11 floating contact
  ---
  duration_ms: 19.651034
  type: 'test'
  ...
# Subtest: PRODUCTION_EXPORTS_CLOSED production Foundation modules export no evaluator or coordinator factory, and the real chain still commits a valid y=10 transaction
ok 26 - PRODUCTION_EXPORTS_CLOSED production Foundation modules export no evaluator or coordinator factory, and the real chain still commits a valid y=10 transaction
  ---
  duration_ms: 10.450743
  type: 'test'
  ...
# Subtest: GLOBAL_CORRUPTION_OUTSIDE_IMPACT tampering an unrelated registry record rejects the whole decision
ok 27 - GLOBAL_CORRUPTION_OUTSIDE_IMPACT tampering an unrelated registry record rejects the whole decision
  ---
  duration_ms: 1.191454
  type: 'test'
  ...
# Subtest: VALID_UNRELATED_CONTROL a valid unrelated registry record does not block a clean commit
ok 28 - VALID_UNRELATED_CONTROL a valid unrelated registry record does not block a clean commit
  ---
  duration_ms: 9.739006
  type: 'test'
  ...
# Subtest: MANIFEST_MODIFIED_MODULE modifying a foundation module trips MANIFEST_SHA_MISMATCH
ok 29 - MANIFEST_MODIFIED_MODULE modifying a foundation module trips MANIFEST_SHA_MISMATCH
  ---
  duration_ms: 135.004218
  type: 'test'
  ...
# Subtest: MANIFEST_UNAPPROVED_MODULE creating an unapproved module trips the audit set mismatch
ok 30 - MANIFEST_UNAPPROVED_MODULE creating an unapproved module trips the audit set mismatch
  ---
  duration_ms: 137.112593
  type: 'test'
  ...
# Subtest: all command permutations produce identical canonical plan bytes
ok 31 - all command permutations produce identical canonical plan bytes
  ---
  duration_ms: 7.124327
  type: 'test'
  ...
# Subtest: shared containment target closes impact over siblings
ok 32 - shared containment target closes impact over siblings
  ---
  duration_ms: 0.944406
  type: 'test'
  ...
# Subtest: shared boundary closes impact over siblings
ok 33 - shared boundary closes impact over siblings
  ---
  duration_ms: 0.75091
  type: 'test'
  ...
# Subtest: mixed-envelope context projection rejects before evaluator
ok 34 - mixed-envelope context projection rejects before evaluator
  ---
  duration_ms: 1.609051
  type: 'test'
  ...
# Subtest: context projection rejects envelope missing authoritySnapshotRef
ok 35 - context projection rejects envelope missing authoritySnapshotRef
  ---
  duration_ms: 0.497479
  type: 'test'
  ...
# Subtest: context projection rejects envelope missing canonical worldBinding
ok 36 - context projection rejects envelope missing canonical worldBinding
  ---
  duration_ms: 0.303549
  type: 'test'
  ...
# Subtest: A3 context binds sourceEnvelopeDigest, full authoritySnapshotRef and canonical worldBinding
ok 37 - A3 context binds sourceEnvelopeDigest, full authoritySnapshotRef and canonical worldBinding
  ---
  duration_ms: 1.13614
  type: 'test'
  ...
# Subtest: adapter rejects context rebound to another envelope with zero evaluator calls
ok 38 - adapter rejects context rebound to another envelope with zero evaluator calls
  ---
  duration_ms: 1.06373
  type: 'test'
  ...
# Subtest: adapter rejects honestly re-signed context with tampered authoritySnapshotRef
ok 39 - adapter rejects honestly re-signed context with tampered authoritySnapshotRef
  ---
  duration_ms: 1.486524
  type: 'test'
  ...
# Subtest: adapter rejects honestly re-signed context with tampered worldBinding
ok 40 - adapter rejects honestly re-signed context with tampered worldBinding
  ---
  duration_ms: 0.608554
  type: 'test'
  ...
# Subtest: real Foundation output append+commit is atomic and replay exact under external proof root
ok 41 - real Foundation output append+commit is atomic and replay exact under external proof root
  ---
  duration_ms: 50.505946
  type: 'test'
  ...
# Subtest: replay requires the EXTERNAL proof root and never trusts the event-carried root
ok 42 - replay requires the EXTERNAL proof root and never trusts the event-carried root
  ---
  duration_ms: 22.44212
  type: 'test'
  ...
# Subtest: real event append failure leaves state and log byte-identical
ok 43 - real event append failure leaves state and log byte-identical
  ---
  duration_ms: 15.194788
  type: 'test'
  ...
# Subtest: real commit failure rolls back staged event and state
ok 44 - real commit failure rolls back staged event and state
  ---
  duration_ms: 13.187731
  type: 'test'
  ...
# Subtest: replay rejects tampered sequence
ok 45 - replay rejects tampered sequence
  ---
  duration_ms: 13.586944
  type: 'test'
  ...
# Subtest: replay rejects tampered transactionId
ok 46 - replay rejects tampered transactionId
  ---
  duration_ms: 16.958607
  type: 'test'
  ...
# Subtest: replay rejects tampered beforeStateDigest
ok 47 - replay rejects tampered beforeStateDigest
  ---
  duration_ms: 13.364299
  type: 'test'
  ...
# Subtest: replay rejects tampered afterStateDigest
ok 48 - replay rejects tampered afterStateDigest
  ---
  duration_ms: 12.367441
  type: 'test'
  ...
# Subtest: replay rejects tampered physicalProof
ok 49 - replay rejects tampered physicalProof
  ---
  duration_ms: 12.865101
  type: 'test'
  ...
# Subtest: replay rejects a re-signed forged proof (honest payload and event re-digest)
ok 50 - replay rejects a re-signed forged proof (honest payload and event re-digest)
  ---
  duration_ms: 14.710178
  type: 'test'
  ...
# Subtest: replay rejects arbitrary honestly sealed state at revision 99
ok 51 - replay rejects arbitrary honestly sealed state at revision 99
  ---
  duration_ms: 13.326155
  type: 'test'
  ...
# Subtest: replay rejects arbitrary honestly sealed state at revision+1 under a re-signed event
ok 52 - replay rejects arbitrary honestly sealed state at revision+1 under a re-signed event
  ---
  duration_ms: 12.499
  type: 'test'
  ...
# Subtest: execute rejects an honestly re-signed decision proposing revision 99
ok 53 - execute rejects an honestly re-signed decision proposing revision 99
  ---
  duration_ms: 17.537288
  type: 'test'
  ...
# Subtest: replay rejects missing duplicate and reordered events
ok 54 - replay rejects missing duplicate and reordered events
  ---
  duration_ms: 14.102786
  type: 'test'
  ...
# Subtest: real Foundation evidence is deterministic byte-for-byte
ok 55 - real Foundation evidence is deterministic byte-for-byte
  ---
  duration_ms: 23.493075
  type: 'test'
  ...
# Subtest: route exact V3_SUPPORT
ok 56 - route exact V3_SUPPORT
  ---
  duration_ms: 2.107614
  type: 'test'
  ...
# Subtest: route exact V3_CONTAINMENT
ok 57 - route exact V3_CONTAINMENT
  ---
  duration_ms: 0.242996
  type: 'test'
  ...
# Subtest: route exact V3_OPENING
ok 58 - route exact V3_OPENING
  ---
  duration_ms: 0.193776
  type: 'test'
  ...
# Subtest: route exact V3_BODY_VS_BODY
ok 59 - route exact V3_BODY_VS_BODY
  ---
  duration_ms: 0.118701
  type: 'test'
  ...
# Subtest: route exact V3_WORLD_SOLID
ok 60 - route exact V3_WORLD_SOLID
  ---
  duration_ms: 0.11215
  type: 'test'
  ...
# Subtest: route exact V3_OBSTACLE
ok 61 - route exact V3_OBSTACLE
  ---
  duration_ms: 0.09378
  type: 'test'
  ...
# Subtest: route rejects wrong query V3_SUPPORT
ok 62 - route rejects wrong query V3_SUPPORT
  ---
  duration_ms: 0.141249
  type: 'test'
  ...
# Subtest: route rejects wrong query V3_CONTAINMENT
ok 63 - route rejects wrong query V3_CONTAINMENT
  ---
  duration_ms: 0.130751
  type: 'test'
  ...
# Subtest: route rejects wrong query V3_OPENING
ok 64 - route rejects wrong query V3_OPENING
  ---
  duration_ms: 0.28301
  type: 'test'
  ...
# Subtest: route rejects wrong query V3_BODY_VS_BODY
ok 65 - route rejects wrong query V3_BODY_VS_BODY
  ---
  duration_ms: 0.369771
  type: 'test'
  ...
# Subtest: route rejects wrong query V3_WORLD_SOLID
ok 66 - route rejects wrong query V3_WORLD_SOLID
  ---
  duration_ms: 0.200077
  type: 'test'
  ...
# Subtest: route rejects wrong query V3_OBSTACLE
ok 67 - route rejects wrong query V3_OBSTACLE
  ---
  duration_ms: 0.08714
  type: 'test'
  ...
# Subtest: route table exact six
ok 68 - route table exact six
  ---
  duration_ms: 0.082609
  type: 'test'
  ...
# Subtest: route table exact promoted three
ok 69 - route table exact promoted three
  ---
  duration_ms: 0.784189
  type: 'test'
  ...
# Subtest: route digest sealed
ok 70 - route digest sealed
  ---
  duration_ms: 0.135442
  type: 'test'
  ...
# Subtest: unknown version is never routed 3.0.0 
ok 71 - unknown version is never routed 3.0.0 
  ---
  duration_ms: 0.099592
  type: 'test'
  ...
# Subtest: unknown version is never routed 03.0.0
ok 72 - unknown version is never routed 03.0.0
  ---
  duration_ms: 0.064694
  type: 'test'
  ...
# Subtest: unknown version is never routed 4.0.0
ok 73 - unknown version is never routed 4.0.0
  ---
  duration_ms: 0.060775
  type: 'test'
  ...
# Subtest: unknown version is never routed 
ok 74 - unknown version is never routed 
  ---
  duration_ms: 0.057431
  type: 'test'
  ...
# Subtest: unknown version is never routed null
ok 75 - unknown version is never routed null
  ---
  duration_ms: 0.067598
  type: 'test'
  ...
# Subtest: unknown version is never routed undefined
ok 76 - unknown version is never routed undefined
  ---
  duration_ms: 0.056703
  type: 'test'
  ...
# Subtest: permutation canonical 1
ok 77 - permutation canonical 1
  ---
  duration_ms: 0.084554
  type: 'test'
  ...
# Subtest: permutation canonical 2
ok 78 - permutation canonical 2
  ---
  duration_ms: 0.194638
  type: 'test'
  ...
# Subtest: permutation canonical 3
ok 79 - permutation canonical 3
  ---
  duration_ms: 0.076301
  type: 'test'
  ...
# Subtest: permutation canonical 4
ok 80 - permutation canonical 4
  ---
  duration_ms: 0.058288
  type: 'test'
  ...
# Subtest: permutation canonical 5
ok 81 - permutation canonical 5
  ---
  duration_ms: 0.055902
  type: 'test'
  ...
# Subtest: permutation canonical 6
ok 82 - permutation canonical 6
  ---
  duration_ms: 0.142576
  type: 'test'
  ...
# Subtest: impact shared target includes initiator
ok 83 - impact shared target includes initiator
  ---
  duration_ms: 0.118142
  type: 'test'
  ...
# Subtest: impact shared target includes sibling
ok 84 - impact shared target includes sibling
  ---
  duration_ms: 0.055451
  type: 'test'
  ...
# Subtest: impact shared target records target
ok 85 - impact shared target records target
  ---
  duration_ms: 0.067879
  type: 'test'
  ...
# Subtest: impact direct set canonical
ok 86 - impact direct set canonical
  ---
  duration_ms: 0.070839
  type: 'test'
  ...
# Subtest: impact digest sealed
ok 87 - impact digest sealed
  ---
  duration_ms: 0.132965
  type: 'test'
  ...
# Subtest: boundary closure includes sibling
ok 88 - boundary closure includes sibling
  ---
  duration_ms: 0.064467
  type: 'test'
  ...
# Subtest: boundary closure records boundary
ok 89 - boundary closure records boundary
  ---
  duration_ms: 0.056236
  type: 'test'
  ...
# Subtest: context exact envelope is READY
ok 90 - context exact envelope is READY
  ---
  duration_ms: 0.901564
  type: 'test'
  ...
# Subtest: context mixed envelope rejects
ok 91 - context mixed envelope rejects
  ---
  duration_ms: 0.235465
  type: 'test'
  ...
# Subtest: locked collision remains NON_PROMOTED V3_BODY_VS_BODY
ok 92 - locked collision remains NON_PROMOTED V3_BODY_VS_BODY
  ---
  duration_ms: 0.194358
  type: 'test'
  ...
# Subtest: locked collision remains NON_PROMOTED V3_WORLD_SOLID
ok 93 - locked collision remains NON_PROMOTED V3_WORLD_SOLID
  ---
  duration_ms: 0.079847
  type: 'test'
  ...
# Subtest: locked collision remains NON_PROMOTED V3_OBSTACLE
ok 94 - locked collision remains NON_PROMOTED V3_OBSTACLE
  ---
  duration_ms: 0.069001
  type: 'test'
  ...
# Subtest: unknown capability fails closed
ok 95 - unknown capability fails closed
  ---
  duration_ms: 0.102601
  type: 'test'
  ...
# Subtest: missing route request fails closed
ok 96 - missing route request fails closed
  ---
  duration_ms: 0.12879
  type: 'test'
  ...
# Subtest: FULL-PATH-CONTAINMENT envelope -> plan -> route -> context -> adapter -> aggregate PASS
ok 97 - FULL-PATH-CONTAINMENT envelope -> plan -> route -> context -> adapter -> aggregate PASS
  ---
  duration_ms: 34.08146
  type: 'test'
  ...
# Subtest: FULL-PATH-OPENING envelope -> plan -> route -> context -> adapter -> aggregate PASS
ok 98 - FULL-PATH-OPENING envelope -> plan -> route -> context -> adapter -> aggregate PASS
  ---
  duration_ms: 29.079759
  type: 'test'
  ...
# Subtest: FULL-PATH-SUPPORT envelope -> plan -> route -> context -> adapter -> aggregate PASS
ok 99 - FULL-PATH-SUPPORT envelope -> plan -> route -> context -> adapter -> aggregate PASS
  ---
  duration_ms: 61.56599
  type: 'test'
  ...
# Subtest: ADV-01 missing opening membership target is rejected before READY
ok 100 - ADV-01 missing opening membership target is rejected before READY
  ---
  duration_ms: 2.988895
  type: 'test'
  ...
# Subtest: ADV-02 exact promoted identities cannot be swapped
ok 101 - ADV-02 exact promoted identities cannot be swapped
  ---
  duration_ms: 0.664012
  type: 'test'
  ...
# Subtest: ADV-03 caller requirements cannot create an obligation
ok 102 - ADV-03 caller requirements cannot create an obligation
  ---
  duration_ms: 1.925751
  type: 'test'
  ...
# Subtest: ADV-04 physical zero obligations fail closed
ok 103 - ADV-04 physical zero obligations fail closed
  ---
  duration_ms: 1.788884
  type: 'test'
  ...
# Subtest: ADV-05 forged registry digest rejects
ok 104 - ADV-05 forged registry digest rejects
  ---
  duration_ms: 0.48804
  type: 'test'
  ...
# Subtest: ADV-06 missing geometry pin rejects
ok 105 - ADV-06 missing geometry pin rejects
  ---
  duration_ms: 0.475746
  type: 'test'
  ...
# Subtest: ADV-07 missing frame pin rejects
ok 106 - ADV-07 missing frame pin rejects
  ---
  duration_ms: 0.578985
  type: 'test'
  ...
# Subtest: ADV-08 wrong query does not route
ok 107 - ADV-08 wrong query does not route
  ---
  duration_ms: 0.234772
  type: 'test'
  ...
# Subtest: ADV locked V3_BODY_VS_BODY
ok 108 - ADV locked V3_BODY_VS_BODY
  ---
  duration_ms: 0.324176
  type: 'test'
  ...
# Subtest: ADV locked V3_WORLD_SOLID
ok 109 - ADV locked V3_WORLD_SOLID
  ---
  duration_ms: 0.32991
  type: 'test'
  ...
# Subtest: ADV locked V3_OBSTACLE
ok 110 - ADV locked V3_OBSTACLE
  ---
  duration_ms: 0.192433
  type: 'test'
  ...
# Subtest: ADV version 3.0.0 
ok 111 - ADV version 3.0.0 
  ---
  duration_ms: 0.173282
  type: 'test'
  ...
# Subtest: ADV version 03.0.0
ok 112 - ADV version 03.0.0
  ---
  duration_ms: 0.094129
  type: 'test'
  ...
# Subtest: ADV version 4.0.0
ok 113 - ADV version 4.0.0
  ---
  duration_ms: 0.074874
  type: 'test'
  ...
# Subtest: ADV version null
ok 114 - ADV version null
  ---
  duration_ms: 0.143153
  type: 'test'
  ...
# Subtest: ADV version undefined
ok 115 - ADV version undefined
  ---
  duration_ms: 0.074917
  type: 'test'
  ...
# Subtest: ADV-09 envelope bound to a foreign transaction digest rejects at planning
ok 116 - ADV-09 envelope bound to a foreign transaction digest rejects at planning
  ---
  duration_ms: 0.507257
  type: 'test'
  ...
# Subtest: ADV-10 opening backref mismatch rejects before READY
ok 117 - ADV-10 opening backref mismatch rejects before READY
  ---
  duration_ms: 0.911017
  type: 'test'
  ...
# Subtest: ADV-11 stale compound child digest rejects before READY
ok 118 - ADV-11 stale compound child digest rejects before READY
  ---
  duration_ms: 1.366215
  type: 'test'
  ...
# Subtest: ADV-12 context projection and adapter enforce the full authority requirement set
ok 119 - ADV-12 context projection and adapter enforce the full authority requirement set
  ---
  duration_ms: 4.056193
  type: 'test'
  ...
# Subtest: ADV-13 obligation identity is content-bound and requestId equals obligationId
ok 120 - ADV-13 obligation identity is content-bound and requestId equals obligationId
  ---
  duration_ms: 1.113756
  type: 'test'
  ...
1..120
# tests 120
# suites 0
# pass 120
# fail 0
# cancelled 0
# skipped 0
# todo 0
# duration_ms 1685.389967
