TAP version 13
# (node:29926) Warning: node:test run() is being called recursively within a test file. skipping running files.
# (Use `node --trace-warnings ...` to show where the warning was created)
# Subtest: hostile 1: each approved edge independently passes
ok 1 - hostile 1: each approved edge independently passes
  ---
  duration_ms: 1159.604958
  type: 'test'
  ...
# Subtest: hostile 2: all three approved edges together pass
ok 2 - hostile 2: all three approved edges together pass
  ---
  duration_ms: 347.186508
  type: 'test'
  ...
# Subtest: hostile 3: same source to wrong target fails
ok 3 - hostile 3: same source to wrong target fails
  ---
  duration_ms: 356.561325
  type: 'test'
  ...
# Subtest: hostile 4: wrong source to approved target fails
ok 4 - hostile 4: wrong source to approved target fails
  ---
  duration_ms: 384.192332
  type: 'test'
  ...
# Subtest: hostile 5: fourth foundation edge fails
ok 5 - hostile 5: fourth foundation edge fails
  ---
  duration_ms: 377.786799
  type: 'test'
  ...
# Subtest: hostile 6: sibling module edge fails
ok 6 - hostile 6: sibling module edge fails
  ---
  duration_ms: 395.742732
  type: 'test'
  ...
# Subtest: hostile 7: path alias attempt fails
ok 7 - hostile 7: path alias attempt fails
  ---
  duration_ms: 353.578326
  type: 'test'
  ...
# Subtest: hostile 8: relative-path normalization bypass fails
ok 8 - hostile 8: relative-path normalization bypass fails
  ---
  duration_ms: 353.86038
  type: 'test'
  ...
# Subtest: hostile 9: dynamic require/import attempt fails
ok 9 - hostile 9: dynamic require/import attempt fails
  ---
  duration_ms: 373.529438
  type: 'test'
  ...
# Subtest: hostile 10: re-export/factory/injector indirection creates no additional authority
ok 10 - hostile 10: re-export/factory/injector indirection creates no additional authority
  ---
  duration_ms: 724.447518
  type: 'test'
  ...
# Subtest: hostile 11: duplicate or malformed allowlist entry fails
ok 11 - hostile 11: duplicate or malformed allowlist entry fails
  ---
  duration_ms: 1397.637973
  type: 'test'
  ...
# Subtest: hostile 12: missing approved edge fails certification
ok 12 - hostile 12: missing approved edge fails certification
  ---
  duration_ms: 354.657607
  type: 'test'
  ...
# Subtest: hostile 13: additional allowlist edge fails certification
ok 13 - hostile 13: additional allowlist edge fails certification
  ---
  duration_ms: 368.5409
  type: 'test'
  ...
# Subtest: hostile 14: modification of any certified foundation blob fails certification
ok 14 - hostile 14: modification of any certified foundation blob fails certification
  ---
  duration_ms: 2397.026951
  type: 'test'
  ...
# Subtest: hostile 15: any foundation semantic/result change fails certification
ok 15 - hostile 15: any foundation semantic/result change fails certification
  ---
  duration_ms: 405.617968
  type: 'test'
  ...
# Subtest: hostile 16: existing fail-closed behavior remains unchanged
ok 16 - hostile 16: existing fail-closed behavior remains unchanged
  ---
  duration_ms: 395.129451
  type: 'test'
  ...
# Subtest: hostile 17: existing foundation hostile/replay/determinism suites remain green
ok 17 - hostile 17: existing foundation hostile/replay/determinism suites remain green
  ---
  duration_ms: 33.083954
  type: 'test'
  ...
# Subtest: hostile 18: routing gate remains non-promoted during this reopen
ok 18 - hostile 18: routing gate remains non-promoted during this reopen
  ---
  duration_ms: 395.881328
  type: 'test'
  ...
# Subtest: regression 19: aliased require fails (Yoni repro a)
ok 19 - regression 19: aliased require fails (Yoni repro a)
  ---
  duration_ms: 402.578967
  type: 'test'
  ...
# Subtest: regression 20: comment-separated require cannot hide or smuggle edges (Yoni repro b)
ok 20 - regression 20: comment-separated require cannot hide or smuggle edges (Yoni repro b)
  ---
  duration_ms: 1095.042188
  type: 'test'
  ...
# Subtest: regression 21: bracket/member loader access fails (Yoni repro c)
ok 21 - regression 21: bracket/member loader access fails (Yoni repro c)
  ---
  duration_ms: 349.292775
  type: 'test'
  ...
# Subtest: regression 22: dynamic loading from non-allowlisted production source fails (Yoni repro d)
ok 22 - regression 22: dynamic loading from non-allowlisted production source fails (Yoni repro d)
  ---
  duration_ms: 394.028867
  type: 'test'
  ...
# Subtest: regression 23: unicode-escaped require binding fails (Yoni bypass 1)
ok 23 - regression 23: unicode-escaped require binding fails (Yoni bypass 1)
  ---
  duration_ms: 791.787336
  type: 'test'
  ...
# Subtest: regression 24: destructured createRequire fails (Yoni bypass 2)
ok 24 - regression 24: destructured createRequire fails (Yoni bypass 2)
  ---
  duration_ms: 418.856193
  type: 'test'
  ...
# Subtest: regression 25: member-access createRequire fails (Yoni bypass 3)
ok 25 - regression 25: member-access createRequire fails (Yoni bypass 3)
  ---
  duration_ms: 340.15832
  type: 'test'
  ...
# Subtest: regression 26: createRequire through process/module indirection fails (Yoni bypass 4)
ok 26 - regression 26: createRequire through process/module indirection fails (Yoni bypass 4)
  ---
  duration_ms: 426.547434
  type: 'test'
  ...
# Subtest: regression 27: computed module[re+quire] fails (Yoni bypass 5)
ok 27 - regression 27: computed module[re+quire] fails (Yoni bypass 5)
  ---
  duration_ms: 387.011763
  type: 'test'
  ...
# Subtest: regression 28: module.constructor._load fails (Yoni bypass 6)
ok 28 - regression 28: module.constructor._load fails (Yoni bypass 6)
  ---
  duration_ms: 349.099591
  type: 'test'
  ...
# Subtest: regression 29: computed/aliased eval, Function and Reflect fail (Yoni bypass 7)
ok 29 - regression 29: computed/aliased eval, Function and Reflect fail (Yoni bypass 7)
  ---
  duration_ms: 2229.202605
  type: 'test'
  ...
# Subtest: regression 30: shadowed local require fails closed
ok 30 - regression 30: shadowed local require fails closed
  ---
  duration_ms: 363.35158
  type: 'test'
  ...
# Subtest: regression 31: CommonJS wrapper capability via arguments[1] indexed call fails closed
ok 31 - regression 31: CommonJS wrapper capability via arguments[1] indexed call fails closed
  ---
  duration_ms: 342.697511
  type: 'test'
  ...
# Subtest: regression 32: CommonJS wrapper capability via arguments[1] sequence-expression call fails closed
ok 32 - regression 32: CommonJS wrapper capability via arguments[1] sequence-expression call fails closed
  ---
  duration_ms: 350.446502
  type: 'test'
  ...
# Subtest: regression 33: CommonJS wrapper capability via Object.values(arguments)[1] fails closed
ok 33 - regression 33: CommonJS wrapper capability via Object.values(arguments)[1] fails closed
  ---
  duration_ms: 363.008868
  type: 'test'
  ...
# Subtest: regression 34: CommonJS wrapper capability via spread [...arguments][1] fails closed
ok 34 - regression 34: CommonJS wrapper capability via spread [...arguments][1] fails closed
  ---
  duration_ms: 374.547865
  type: 'test'
  ...
# Subtest: regression 35: CommonJS wrapper capability via arguments[1].call fails closed
ok 35 - regression 35: CommonJS wrapper capability via arguments[1].call fails closed
  ---
  duration_ms: 401.812822
  type: 'test'
  ...
# Subtest: regression 36: CommonJS wrapper capability via arguments[1].apply fails closed
ok 36 - regression 36: CommonJS wrapper capability via arguments[1].apply fails closed
  ---
  duration_ms: 376.556171
  type: 'test'
  ...
# Subtest: regression 37: arrow functions inherit wrapper arguments - fails closed
ok 37 - regression 37: arrow functions inherit wrapper arguments - fails closed
  ---
  duration_ms: 369.979392
  type: 'test'
  ...
# Subtest: regression 38: aliased wrapper arguments fails closed
ok 38 - regression 38: aliased wrapper arguments fails closed
  ---
  duration_ms: 360.673713
  type: 'test'
  ...
# Subtest: regression 39: V8 stack-trace capability API (prepareStackTrace/captureStackTrace) fails closed
ok 39 - regression 39: V8 stack-trace capability API (prepareStackTrace/captureStackTrace) fails closed
  ---
  duration_ms: 349.595308
  type: 'test'
  ...
# Subtest: regression 40: arguments inside an ordinary nested function is legal and passes
ok 40 - regression 40: arguments inside an ordinary nested function is legal and passes
  ---
  duration_ms: 360.147407
  type: 'test'
  ...
1..40
# tests 40
# suites 0
# pass 40
# fail 0
# cancelled 0
# skipped 0
# todo 0
# duration_ms 21847.155536
