TAP version 13
# Subtest: canonical package validates and complete scene commits atomically
ok 1 - canonical package validates and complete scene commits atomically
  ---
  duration_ms: 17.334914
  type: 'test'
  ...
# Subtest: exact approved refs and MALE SUPINE locks preserved
ok 2 - exact approved refs and MALE SUPINE locks preserved
  ---
  duration_ms: 0.32961
  type: 'test'
  ...
# Subtest: seat materialization remains deterministic
ok 3 - seat materialization remains deterministic
  ---
  duration_ms: 1.754761
  type: 'test'
  ...
# Subtest: malformed rejects atomically
ok 4 - malformed rejects atomically
  ---
  duration_ms: 0.99432
  type: 'test'
  ...
# Subtest: wrong version rejects atomically
ok 5 - wrong version rejects atomically
  ---
  duration_ms: 0.729502
  type: 'test'
  ...
# Subtest: missing SurfaceModel rejects atomically
ok 6 - missing SurfaceModel rejects atomically
  ---
  duration_ms: 1.636283
  type: 'test'
  ...
# Subtest: stale SurfaceModel rejects atomically
ok 7 - stale SurfaceModel rejects atomically
  ---
  duration_ms: 0.896238
  type: 'test'
  ...
# Subtest: wrong SurfaceModel digest rejects atomically
ok 8 - wrong SurfaceModel digest rejects atomically
  ---
  duration_ms: 0.931407
  type: 'test'
  ...
# Subtest: missing surface rejects atomically
ok 9 - missing surface rejects atomically
  ---
  duration_ms: 1.089914
  type: 'test'
  ...
# Subtest: missing entity rejects atomically
ok 10 - missing entity rejects atomically
  ---
  duration_ms: 0.978585
  type: 'test'
  ...
# Subtest: duplicate entity rejects atomically
ok 11 - duplicate entity rejects atomically
  ---
  duration_ms: 1.425175
  type: 'test'
  ...
# Subtest: wrong bag body rejects atomically
ok 12 - wrong bag body rejects atomically
  ---
  duration_ms: 0.919894
  type: 'test'
  ...
# Subtest: wrong casualty body rejects atomically
ok 13 - wrong casualty body rejects atomically
  ---
  duration_ms: 0.669235
  type: 'test'
  ...
# Subtest: wrong profile rejects atomically
ok 14 - wrong profile rejects atomically
  ---
  duration_ms: 0.689908
  type: 'test'
  ...
# Subtest: wrong sex rejects atomically
ok 15 - wrong sex rejects atomically
  ---
  duration_ms: 0.989934
  type: 'test'
  ...
# Subtest: wrong posture rejects atomically
ok 16 - wrong posture rejects atomically
  ---
  duration_ms: 0.780945
  type: 'test'
  ...
# Subtest: missing chair rejects atomically
ok 17 - missing chair rejects atomically
  ---
  duration_ms: 0.583127
  type: 'test'
  ...
# Subtest: stale chair revision rejects atomically
ok 18 - stale chair revision rejects atomically
  ---
  duration_ms: 0.675689
  type: 'test'
  ...
# Subtest: wrong chair digest rejects atomically
ok 19 - wrong chair digest rejects atomically
  ---
  duration_ms: 0.648275
  type: 'test'
  ...
# Subtest: missing seat rejects atomically
ok 20 - missing seat rejects atomically
  ---
  duration_ms: 0.578508
  type: 'test'
  ...
# Subtest: stale seat rejects atomically
ok 21 - stale seat rejects atomically
  ---
  duration_ms: 1.036889
  type: 'test'
  ...
# Subtest: wrong seat owner rejects atomically
ok 22 - wrong seat owner rejects atomically
  ---
  duration_ms: 0.750258
  type: 'test'
  ...
# Subtest: dangling relation rejects atomically
ok 23 - dangling relation rejects atomically
  ---
  duration_ms: 0.745903
  type: 'test'
  ...
# Subtest: stale relation rejects atomically
ok 24 - stale relation rejects atomically
  ---
  duration_ms: 0.769306
  type: 'test'
  ...
# Subtest: omitted relation rejects atomically
ok 25 - omitted relation rejects atomically
  ---
  duration_ms: 0.604323
  type: 'test'
  ...
# Subtest: tampered package without reseal rejects digest
ok 26 - tampered package without reseal rejects digest
  ---
  duration_ms: 0.838756
  type: 'test'
  ...
# Subtest: geometry placement negative injections reject atomically
ok 27 - geometry placement negative injections reject atomically
  ---
  duration_ms: 29.577595
  type: 'test'
  ...
# Subtest: tampered event and reordered replay reject
ok 28 - tampered event and reordered replay reject
  ---
  duration_ms: 4.79967
  type: 'test'
  ...
# {"environment":{"node":"v22.23.2","platform":"linux","arch":"x64","cpu":"Intel(R) Xeon(R) Processor @ 2.60GHz"},"threshold":null,"packageValidation":{"unit":"microseconds","count":20,"min":481.265,"p50":869.402,"p95":2877.069,"max":2877.069},"fullAtomicInstantiationTransactionEventReplay":{"unit":"microseconds","count":20,"min":2260.31,"p50":2908.331,"p95":6087.134,"max":6087.134},"dependencyIndex":{"unit":"microseconds","count":20,"min":26.246,"p50":27.563,"p95":98.299,"max":98.299}}
# Subtest: Gate D measurements only
ok 29 - Gate D measurements only
  ---
  duration_ms: 88.411707
  type: 'test'
  ...
1..29
# tests 29
# suites 0
# pass 29
# fail 0
# cancelled 0
# skipped 0
# todo 0
# duration_ms 367.873201
